WALL WALL WALL WALL WALL WALL WALL WALL WALL WALL WALL WALL WALL
WALL EMPTY EMPTY BREAKABLE BREAKABLE BREAKABLE EMPTY EMPTY BREAKABLE EMPTY EMPTY EMPTY WALL
WALL EMPTY BREAKABLE WALL EMPTY WALL EMPTY WALL BREAKABLE WALL BREAKABLE EMPTY WALL
WALL BREAKABLE EMPTY BREAKABLE BREAKABLE BREAKABLE EMPTY BREAKABLE BREAKABLE BREAKABLE BREAKABLE BREAKABLE WALL
WALL EMPTY BREAKABLE WALL EMPTY BREAKABLE BREAKABLE WALL BREAKABLE WALL EMPTY EMPTY WALL
WALL BREAKABLE EMPTY BREAKABLE BREAKABLE BREAKABLE BREAKABLE BREAKABLE BREAKABLE BREAKABLE BREAKABLE BREAKABLE WALL
WALL BREAKABLE BREAKABLE WALL BREAKABLE WALL BREAKABLE WALL BREAKABLE WALL BREAKABLE BREAKABLE WALL
WALL BREAKABLE BREAKABLE BREAKABLE BREAKABLE BREAKABLE BREAKABLE BREAKABLE BREAKABLE BREAKABLE BREAKABLE EMPTY WALL
WALL EMPTY EMPTY WALL BREAKABLE WALL BREAKABLE WALL BREAKABLE WALL BREAKABLE EMPTY WALL
WALL EMPTY EMPTY BREAKABLE EMPTY BREAKABLE EMPTY BREAKABLE BREAKABLE BREAKABLE EMPTY EMPTY WALL
WALL WALL WALL WALL WALL WALL WALL WALL WALL WALL WALL WALL WALL
